// Jest Snapshot v1, https://goo.gl/fbAQLP

exports[`App.vue has the expected html structure 1`] = `
<div
  id="app"
>
  <router-view
    name="fade"
  />
</div>
`;
